// Jest Snapshot v1, https://goo.gl/fbAQLP

exports[`should render edit expense page correctly 1`] = `
<div>
  <div
    className="page-header"
  >
    <div
      className="content-container"
    >
      <h1
        className="page-header__title"
      >
        Edit Expense
      </h1>
    </div>
  </div>
  <div
    className="content-container"
  >
    <Connect(ExpenseForm)
      expense={
        Object {
          "amount": 120,
          "createdAt": 0,
          "description": "Bubble Gum",
          "id": "1",
          "note": "",
        }
      }
      onSubmit={[Function]}
      showRemove={true}
    />
    <button
      className="remove-button button red"
      onClick={[Function]}
      style={
        Object {
          "display": "none",
        }
      }
    >
      <i
        className="fas fa-trash"
      />
       Â Remove Expense
    </button>
  </div>
</div>
`;
