// Jest Snapshot v1, https://goo.gl/fbAQLP

exports[`should render expense list item with expense 1`] = `
<div>
  <Link
    to="/edit/1"
  >
    <h3>
      Bubble Gum
    </h3>
  </Link>
  <p>
    120
     -
    Jan 1st, 1970
  </p>
</div>
`;
