// Jest Snapshot v1, https://goo.gl/fbAQLP

exports[`should render Header correctly 1`] = `
<header
  className="header"
>
  <div
    className="content-container"
  >
    <div
      className="header__content"
    >
      <Link
        className="header__title"
        to="/dashboard"
      >
        <img
          className="header__icon"
          src="/images/icon.png"
        />
        <h1>
          Expensify
        </h1>
      </Link>
      <button
        className="button green"
      >
        Logout Â 
        <i
          className="fas fa-sign-out-alt"
        />
      </button>
    </div>
  </div>
</header>
`;
